=== 开始导出数据到本地 ===
范围：2014 - 2025，指数：000852.SH，输出：cache/export_csi1000

000852.SH 全历史成分并集：2546 只（2014–2025，含已调出的票）

[1/5] 导出历史指数成分股权重 ...
  2014: 2999 行
  2015: 12000 行
  2016: 12000 行
  2017: 12000 行
  2018: 12000 行
  2019: 12000 行
  2020: 12000 行
  2021: 12000 行
  2022: 12000 行
  2023: 14000 行
  → 已保存 indexweight.parquet  (112,999 行)

[2/5] 导出日行情 ...
  2014: 403,556 行
  2015: 428,690 行
  2016: 448,167 行
  2017: 485,385 行
  2018: 506,954 行
  2019: 524,133 行
  2020: 548,975 行
  2021: 573,560 行
  2022: 589,863 行
  2023: 596,020 行
  2024: 589,447 行
  2025: 585,957 行
  → 已保存 market_raw.parquet  (6,280,707 行)

[3/5] 导出估值数据（PE/PB）...
  2014: 405,378 行
  2015: 432,488 行
  2016: 451,337 行
  2017: 489,744 行
  2018: 508,102 行
  2019: 526,663 行
  2020: 552,451 行
  2021: 603,369 行
  2022: 600,886 行
  2023: 600,886 行
  2024: 600,886 行
  2025: 605,786 行
  → 已保存 market_deriv.parquet  (6,377,976 行)

[4/5] 导出财务数据（finance_raw）...
  finance_raw: 111,065 行
  → 已保存 finance_raw.parquet  (111,065 行)

[5/5] 导出预计算财务指标（finance_deriv）...
  finance_deriv: 105,922 行
  → 已保存 finance_deriv.parquet  (105,922 行)

[+] 导出股票基本信息 ...
  → 已保存 company.parquet  (2,483 行)

=== 全部完成，文件保存在 /Users/dengdeng/quant_framework/cache/export_csi1000 ===
