[csi500] 全 1172 只，已缓存 32，待抓 1140
  !! 000616.SZ 失败: TypeError("'NoneType' object is not subscriptable")
  进度 50/1140  ok=49 fail=1
  !! 000788.SZ 失败: TypeError("'NoneType' object is not subscriptable")
  !! 000809.SZ 失败: TypeError("'NoneType' object is not subscriptable")
  进度 100/1140  ok=97 fail=3
  进度 150/1140  ok=147 fail=3
  !! 002069.SZ 失败: TypeError("'NoneType' object is not subscriptable")
  进度 200/1140  ok=196 fail=4
  !! 002225.SZ 失败: TypeError("'NoneType' object is not subscriptable")
  进度 250/1140  ok=245 fail=5
  进度 300/1140  ok=295 fail=5
  进度 350/1140  ok=345 fail=5
  进度 400/1140  ok=395 fail=5
  进度 450/1140  ok=445 fail=5
  进度 500/1140  ok=495 fail=5
  进度 550/1140  ok=545 fail=5
  进度 600/1140  ok=595 fail=5
  !! 600187.SH 失败: TypeError("'NoneType' object is not subscriptable")
  进度 650/1140  ok=644 fail=6
  进度 700/1140  ok=694 fail=6
  进度 750/1140  ok=744 fail=6
  进度 800/1140  ok=794 fail=6
  !! 600844.SH 失败: TypeError("'NoneType' object is not subscriptable")
  进度 850/1140  ok=843 fail=7
  进度 900/1140  ok=893 fail=7
  进度 950/1140  ok=943 fail=7
  !! 601999.SH 失败: TypeError("'NoneType' object is not subscriptable")
  进度 1000/1140  ok=992 fail=8
  进度 1050/1140  ok=1042 fail=8
  进度 1100/1140  ok=1092 fail=8
  !! 689009.SH 失败: TypeError("'NoneType' object is not subscriptable")
抓取耗时 35.6 分钟
合并完成 -> cache/export_csi500/northbound_csi500.parquet  shape=(1429658, 8)  td 20170316~20240816  股票 1163
完成: ok=1131 fail=9
